From https://github.com/sportsdataverse/wehoop-wbb-data
 * [new branch]        AE/remove-qs           -> origin/AE/remove-qs
 * [new branch]        data/schedule-flags-backfill -> origin/data/schedule-flags-backfill
 * [new branch]        docs/live-publish-status -> origin/docs/live-publish-status
 * [new branch]        feat/release-sidecars  -> origin/feat/release-sidecars
 * [new branch]        feat/repo-standardization -> origin/feat/repo-standardization
 * [new branch]        feat/wbb-build-logging -> origin/feat/wbb-build-logging
 * [new branch]        feat/wbb-cron-cutover  -> origin/feat/wbb-cron-cutover
 * [new branch]        feat/wbb-native-rds    -> origin/feat/wbb-native-rds
 * [new branch]        feat/wbb-parallel-repoint -> origin/feat/wbb-parallel-repoint
 * [new branch]        feat/wbb-player-core-daily -> origin/feat/wbb-player-core-daily
 * [new branch]        feat/wbb-player-core-dataset -> origin/feat/wbb-player-core-dataset
 * [new branch]        feat/wbb-player-core-rds -> origin/feat/wbb-player-core-rds
 * [new branch]        feat/wbb-player-core-tree -> origin/feat/wbb-player-core-tree
 * [new branch]        feat/wbb-python-producer -> origin/feat/wbb-python-producer
 * [new branch]        feat/wbb-python-rollback-gate -> origin/feat/wbb-python-rollback-gate
 * [new branch]        fix/manifest-one-row-per-season -> origin/fix/manifest-one-row-per-season
 * [new branch]        fix/player-core-manifest -> origin/fix/player-core-manifest
 * [new branch]        fix/ratings-nonfinite-republish -> origin/fix/ratings-nonfinite-republish
::group::wbb_data_build pbp 2027
2026-09-09 05:43:37 [WARNING] wbb_data_build: pbp 2027: no game_json games in the season schedule; nothing built
2026-09-09 05:43:37 [INFO] wbb_data_build: pbp 2027: season complete -- 0 rows
::endgroup::
::group::wbb_data_build team_box 2027
2026-09-09 05:43:39 [WARNING] wbb_data_build: team_box 2027: no game_json games in the season schedule; nothing built
2026-09-09 05:43:39 [INFO] wbb_data_build: team_box 2027: season complete -- 0 rows
::endgroup::
::group::wbb_data_build player_box 2027
2026-09-09 05:43:41 [WARNING] wbb_data_build: player_box 2027: no game_json games in the season schedule; nothing built
2026-09-09 05:43:41 [INFO] wbb_data_build: player_box 2027: season complete -- 0 rows
::endgroup::
::group::wbb_data_build player_core 2027
2026-09-09 05:43:42 [INFO] wbb_data_build: player_core 2027: season-level build starting (raw=https://raw.githubusercontent.com/sportsdataverse/wehoop-wbb-raw/main via http)
2026-09-09 05:43:42 [WARNING] wbb_data_build: player_core 2027: no built player_box parquet at wbb/player_box/parquet/player_box_2027.parquet -- cannot resolve which athletes played this season (build player_box first)
2026-09-09 05:43:42 [WARNING] wbb_data_build: player_core 2027: season-level build produced 0 rows; nothing written
2026-09-09 05:43:42 [INFO] wbb_data_build: player_core 2027: season complete -- 0 rows
::endgroup::
::group::wbb_data_build schedules 2027
2026-09-09 05:43:44 [INFO] wbb_data_build: schedules 2027: season-level build starting (raw=https://raw.githubusercontent.com/sportsdataverse/wehoop-wbb-raw/main via http)
2026-09-09 05:43:45 [INFO] wbb_data_build: wrote wbb/schedules/parquet/wbb_schedule_2027.parquet (207.3KB) + wbb_schedule_2027.rds (225.1KB) + wbb_schedule_2027.csv (4.1MB), 2283 rows x 93 cols; manifest wbb_schedules_in_data_repo.csv upserted
2026-09-09 05:43:46 [INFO] wbb_data_build: uploading wbb_schedule_2027.parquet (207.3KB) -> sportsdataverse/sportsdataverse-data:espn_womens_college_basketball_schedules
2026-09-09 05:43:47 [INFO] wbb_data_build: uploaded wbb_schedule_2027.parquet -> espn_womens_college_basketball_schedules (asset 1/3)
2026-09-09 05:43:47 [INFO] wbb_data_build: uploading wbb_schedule_2027.rds (225.1KB) -> sportsdataverse/sportsdataverse-data:espn_womens_college_basketball_schedules
2026-09-09 05:43:48 [INFO] wbb_data_build: uploaded wbb_schedule_2027.rds -> espn_womens_college_basketball_schedules (asset 2/3)
2026-09-09 05:43:48 [INFO] wbb_data_build: uploading wbb_schedule_2027.csv (4.1MB) -> sportsdataverse/sportsdataverse-data:espn_womens_college_basketball_schedules
2026-09-09 05:43:50 [INFO] wbb_data_build: uploaded wbb_schedule_2027.csv -> espn_womens_college_basketball_schedules (asset 3/3)
2026-09-09 05:43:56 [INFO] wbb_data_build: stamped espn_womens_college_basketball_schedules with timestamp.txt, timestamp.json, package_function.txt, package_function.json
2026-09-09 05:43:56 [INFO] wbb_data_build: schedules 2027: done -- 2283 rows in 11.8s
2026-09-09 05:43:56 [INFO] wbb_data_build: schedules 2027: season complete -- 2283 rows
::endgroup::
::group::wbb_data_build shots 2027
2026-09-09 05:43:57 [INFO] wbb_data_build: shots 2027: season-level build starting (raw=https://raw.githubusercontent.com/sportsdataverse/wehoop-wbb-raw/main via http)
2026-09-09 05:43:57 [WARNING] wbb_data_build: shots 2027: season-level build produced 0 rows; nothing written
2026-09-09 05:43:57 [INFO] wbb_data_build: shots 2027: season complete -- 0 rows
::endgroup::
::group::wbb_data_build rosters 2027
2026-09-09 05:43:59 [INFO] wbb_data_build: rosters 2027: season-level build starting (raw=https://raw.githubusercontent.com/sportsdataverse/wehoop-wbb-raw/main via http)
2026-09-09 05:44:10 [INFO] wbb_data_build: wrote wbb/rosters/parquet/rosters_2027.parquet (522.9KB) + rosters_2027.rds (524.1KB) + rosters_2027.csv (2.4MB), 5616 rows x 36 cols; manifest wbb_rosters_in_data_repo.csv upserted
2026-09-09 05:44:11 [INFO] wbb_data_build: uploading rosters_2027.parquet (522.9KB) -> sportsdataverse/sportsdataverse-data:espn_womens_college_basketball_rosters
2026-09-09 05:44:12 [INFO] wbb_data_build: uploaded rosters_2027.parquet -> espn_womens_college_basketball_rosters (asset 1/3)
2026-09-09 05:44:12 [INFO] wbb_data_build: uploading rosters_2027.rds (524.1KB) -> sportsdataverse/sportsdataverse-data:espn_womens_college_basketball_rosters
2026-09-09 05:44:14 [INFO] wbb_data_build: uploaded rosters_2027.rds -> espn_womens_college_basketball_rosters (asset 2/3)
2026-09-09 05:44:14 [INFO] wbb_data_build: uploading rosters_2027.csv (2.4MB) -> sportsdataverse/sportsdataverse-data:espn_womens_college_basketball_rosters
2026-09-09 05:44:16 [INFO] wbb_data_build: uploaded rosters_2027.csv -> espn_womens_college_basketball_rosters (asset 3/3)
2026-09-09 05:44:21 [INFO] wbb_data_build: stamped espn_womens_college_basketball_rosters with timestamp.txt, timestamp.json, package_function.txt, package_function.json
2026-09-09 05:44:21 [INFO] wbb_data_build: rosters 2027: done -- 5616 rows in 21.9s
2026-09-09 05:44:21 [INFO] wbb_data_build: rosters 2027: season complete -- 5616 rows
::endgroup::
::group::wbb_data_build player_season_stats 2027
2026-09-09 05:44:23 [INFO] wbb_data_build: player_season_stats 2027: season-level build starting (raw=https://raw.githubusercontent.com/sportsdataverse/wehoop-wbb-raw/main via http)
2026-09-09 05:44:24 [WARNING] wbb_data_build: player_season_stats 2027: season-level build produced 0 rows; nothing written
2026-09-09 05:44:24 [INFO] wbb_data_build: player_season_stats 2027: season complete -- 0 rows
::endgroup::
::group::wbb_data_build team_season_stats 2027
2026-09-09 05:44:26 [INFO] wbb_data_build: team_season_stats 2027: season-level build starting (raw=https://raw.githubusercontent.com/sportsdataverse/wehoop-wbb-raw/main via http)
2026-09-09 05:44:26 [WARNING] wbb_data_build: team_season_stats 2027: season-level build produced 0 rows; nothing written
2026-09-09 05:44:26 [INFO] wbb_data_build: team_season_stats 2027: season complete -- 0 rows
::endgroup::
::group::wbb_data_build standings 2027
2026-09-09 05:44:28 [INFO] wbb_data_build: standings 2027: season-level build starting (raw=https://raw.githubusercontent.com/sportsdataverse/wehoop-wbb-raw/main via http)
2026-09-09 05:44:28 [WARNING] wbb_data_build: standings 2027: season-level build produced 0 rows; nothing written
2026-09-09 05:44:28 [INFO] wbb_data_build: standings 2027: season complete -- 0 rows
::endgroup::
::group::wbb_data_build game_rosters 2027
2026-09-09 05:44:30 [INFO] wbb_data_build: game_rosters 2027: season-level build starting (raw=https://raw.githubusercontent.com/sportsdataverse/wehoop-wbb-raw/main via http)
2026-09-09 05:44:30 [WARNING] wbb_data_build: game_rosters 2027: season-level build produced 0 rows; nothing written
2026-09-09 05:44:30 [INFO] wbb_data_build: game_rosters 2027: season complete -- 0 rows
::endgroup::
::group::wbb_data_build officials 2027
2026-09-09 05:44:31 [INFO] wbb_data_build: officials 2027: season-level build starting (raw=https://raw.githubusercontent.com/sportsdataverse/wehoop-wbb-raw/main via http)
2026-09-09 05:44:32 [WARNING] wbb_data_build: officials 2027: season-level build produced 0 rows; nothing written
2026-09-09 05:44:32 [INFO] wbb_data_build: officials 2027: season complete -- 0 rows
::endgroup::
::group::wbb_data_build team_crosswalk 2027
2026-09-09 05:44:33 [INFO] wbb_data_build: team_crosswalk 2027: season-level build starting (raw=None via disk)
Traceback (most recent call last):
  File "/home/runner/work/wehoop-wbb-data/wehoop-wbb-data/.venv/lib/python3.12/site-packages/sportsdataverse/_crosswalk_basketball_sources.py", line 139, in require_source
    out = fetch()
          ^^^^^^^
  File "/home/runner/work/wehoop-wbb-data/wehoop-wbb-data/.venv/lib/python3.12/site-packages/sportsdataverse/wbb/wbb_crosswalk.py", line 435, in _bart
    return bart_wbb_ratings(year=season, **kwargs)
           ^^^^^^^^^^^^^^^^^^^^^^^^^^^^^^^^^^^^^^^
  File "/home/runner/work/wehoop-wbb-data/wehoop-wbb-data/.venv/lib/python3.12/site-packages/sportsdataverse/wbb/bart_wbb.py", line 68, in bart_wbb_ratings
    return parse_torvik_csv(raw, return_as_pandas=return_as_pandas)
           ^^^^^^^^^^^^^^^^^^^^^^^^^^^^^^^^^^^^^^^^^^^^^^^^^^^^^^^^
  File "/home/runner/work/wehoop-wbb-data/wehoop-wbb-data/.venv/lib/python3.12/site-packages/sportsdataverse/mbb/torvik_parsers.py", line 111, in parse_torvik_csv
    raise ValueError(
ValueError: expected a barttorvik.com CSV data file but received an HTML document (starts: '<!DOCTYPE HTML PUBLIC "-//W3C//DTD HTML 4.01 Transitional//EN" "http://www.w3.org/TR/html4/loose.dtd"> <HTML><HEAD><META'). The host answers a transient outage with an HTML page and HTTP 200; retry, or check the endpoint URL for that season.

The above exception was the direct cause of the following exception:

Traceback (most recent call last):
  File "<frozen runpy>", line 198, in _run_module_as_main
  File "<frozen runpy>", line 88, in _run_code
  File "/home/runner/work/wehoop-wbb-data/wehoop-wbb-data/python/wbb_data_build/__main__.py", line 6, in <module>
    sys.exit(main())
             ^^^^^^
  File "/home/runner/work/wehoop-wbb-data/wehoop-wbb-data/python/wbb_data_build/cli.py", line 26, in main
    df = build_season(
         ^^^^^^^^^^^^^
  File "/home/runner/work/wehoop-wbb-data/wehoop-wbb-data/python/wbb_data_build/build.py", line 70, in build_season
    out = reshapers.SEASON_BUILDERS[dataset](season, raw_root=root, base=Path(base))
          ^^^^^^^^^^^^^^^^^^^^^^^^^^^^^^^^^^^^^^^^^^^^^^^^^^^^^^^^^^^^^^^^^^^^^^^^^^
  File "/home/runner/work/wehoop-wbb-data/wehoop-wbb-data/python/wbb_data_build/reshapers.py", line 493, in team_crosswalk_builder
    return wbb_team_crosswalk(season=season)
           ^^^^^^^^^^^^^^^^^^^^^^^^^^^^^^^^^
  File "/home/runner/work/wehoop-wbb-data/wehoop-wbb-data/.venv/lib/python3.12/site-packages/sportsdataverse/wbb/wbb_crosswalk.py", line 437, in wbb_team_crosswalk
    bart = require_source(f"bart_wbb_ratings(year={season})", _bart)
           ^^^^^^^^^^^^^^^^^^^^^^^^^^^^^^^^^^^^^^^^^^^^^^^^^^^^^^^^^
  File "/home/runner/work/wehoop-wbb-data/wehoop-wbb-data/.venv/lib/python3.12/site-packages/sportsdataverse/_crosswalk_basketball_sources.py", line 143, in require_source
    raise CrosswalkSourceError(f"{label} could not be produced: {type(exc).__name__}: {exc}") from exc
sportsdataverse._crosswalk_basketball_sources.CrosswalkSourceError: bart_wbb_ratings(year=2027) could not be produced: ValueError: expected a barttorvik.com CSV data file but received an HTML document (starts: '<!DOCTYPE HTML PUBLIC "-//W3C//DTD HTML 4.01 Transitional//EN" "http://www.w3.org/TR/html4/loose.dtd"> <HTML><HEAD><META'). The host answers a transient outage with an HTML page and HTTP 200; retry, or check the endpoint URL for that season.
::warning ::wbb_data_build team_crosswalk for season 2027 exited with code 1 (crosswalk; non-fatal, live external source)
::endgroup::
::group::wbb_data_build schedule_crosswalk 2027
2026-09-09 05:44:56 [INFO] wbb_data_build: schedule_crosswalk 2027: season-level build starting (raw=None via disk)
Traceback (most recent call last):
  File "/home/runner/work/wehoop-wbb-data/wehoop-wbb-data/.venv/lib/python3.12/site-packages/sportsdataverse/_crosswalk_basketball_sources.py", line 139, in require_source
    out = fetch()
          ^^^^^^^
  File "/home/runner/work/wehoop-wbb-data/wehoop-wbb-data/.venv/lib/python3.12/site-packages/sportsdataverse/wbb/wbb_crosswalk.py", line 435, in _bart
    return bart_wbb_ratings(year=season, **kwargs)
           ^^^^^^^^^^^^^^^^^^^^^^^^^^^^^^^^^^^^^^^
  File "/home/runner/work/wehoop-wbb-data/wehoop-wbb-data/.venv/lib/python3.12/site-packages/sportsdataverse/wbb/bart_wbb.py", line 68, in bart_wbb_ratings
    return parse_torvik_csv(raw, return_as_pandas=return_as_pandas)
           ^^^^^^^^^^^^^^^^^^^^^^^^^^^^^^^^^^^^^^^^^^^^^^^^^^^^^^^^
  File "/home/runner/work/wehoop-wbb-data/wehoop-wbb-data/.venv/lib/python3.12/site-packages/sportsdataverse/mbb/torvik_parsers.py", line 111, in parse_torvik_csv
    raise ValueError(
ValueError: expected a barttorvik.com CSV data file but received an HTML document (starts: '<!DOCTYPE HTML PUBLIC "-//W3C//DTD HTML 4.01 Transitional//EN" "http://www.w3.org/TR/html4/loose.dtd"> <HTML><HEAD><META'). The host answers a transient outage with an HTML page and HTTP 200; retry, or check the endpoint URL for that season.

The above exception was the direct cause of the following exception:

Traceback (most recent call last):
  File "<frozen runpy>", line 198, in _run_module_as_main
  File "<frozen runpy>", line 88, in _run_code
  File "/home/runner/work/wehoop-wbb-data/wehoop-wbb-data/python/wbb_data_build/__main__.py", line 6, in <module>
    sys.exit(main())
             ^^^^^^
  File "/home/runner/work/wehoop-wbb-data/wehoop-wbb-data/python/wbb_data_build/cli.py", line 26, in main
    df = build_season(
         ^^^^^^^^^^^^^
  File "/home/runner/work/wehoop-wbb-data/wehoop-wbb-data/python/wbb_data_build/build.py", line 70, in build_season
    out = reshapers.SEASON_BUILDERS[dataset](season, raw_root=root, base=Path(base))
          ^^^^^^^^^^^^^^^^^^^^^^^^^^^^^^^^^^^^^^^^^^^^^^^^^^^^^^^^^^^^^^^^^^^^^^^^^^
  File "/home/runner/work/wehoop-wbb-data/wehoop-wbb-data/python/wbb_data_build/reshapers.py", line 510, in schedule_crosswalk_builder
    return wbb_schedule_crosswalk(season=season)
           ^^^^^^^^^^^^^^^^^^^^^^^^^^^^^^^^^^^^^
  File "/home/runner/work/wehoop-wbb-data/wehoop-wbb-data/.venv/lib/python3.12/site-packages/sportsdataverse/wbb/wbb_crosswalk.py", line 485, in wbb_schedule_crosswalk
    team_xwalk = wbb_team_crosswalk(season=season, fox=pl.DataFrame(), **kwargs)
                 ^^^^^^^^^^^^^^^^^^^^^^^^^^^^^^^^^^^^^^^^^^^^^^^^^^^^^^^^^^^^^^^
  File "/home/runner/work/wehoop-wbb-data/wehoop-wbb-data/.venv/lib/python3.12/site-packages/sportsdataverse/wbb/wbb_crosswalk.py", line 437, in wbb_team_crosswalk
    bart = require_source(f"bart_wbb_ratings(year={season})", _bart)
           ^^^^^^^^^^^^^^^^^^^^^^^^^^^^^^^^^^^^^^^^^^^^^^^^^^^^^^^^^
  File "/home/runner/work/wehoop-wbb-data/wehoop-wbb-data/.venv/lib/python3.12/site-packages/sportsdataverse/_crosswalk_basketball_sources.py", line 143, in require_source
    raise CrosswalkSourceError(f"{label} could not be produced: {type(exc).__name__}: {exc}") from exc
sportsdataverse._crosswalk_basketball_sources.CrosswalkSourceError: bart_wbb_ratings(year=2027) could not be produced: ValueError: expected a barttorvik.com CSV data file but received an HTML document (starts: '<!DOCTYPE HTML PUBLIC "-//W3C//DTD HTML 4.01 Transitional//EN" "http://www.w3.org/TR/html4/loose.dtd"> <HTML><HEAD><META'). The host answers a transient outage with an HTML page and HTTP 200; retry, or check the endpoint URL for that season.
::warning ::wbb_data_build schedule_crosswalk for season 2027 exited with code 1 (crosswalk; non-fatal, live external source)
::endgroup::
::group::wbb_data_build player_crosswalk 2027
2026-09-09 05:45:07 [INFO] wbb_data_build: player_crosswalk 2027: season-level build starting (raw=None via disk)
Traceback (most recent call last):
  File "/home/runner/work/wehoop-wbb-data/wehoop-wbb-data/.venv/lib/python3.12/site-packages/sportsdataverse/_crosswalk_basketball_sources.py", line 139, in require_source
    out = fetch()
          ^^^^^^^
  File "/home/runner/work/wehoop-wbb-data/wehoop-wbb-data/.venv/lib/python3.12/site-packages/sportsdataverse/wbb/wbb_crosswalk.py", line 435, in _bart
    return bart_wbb_ratings(year=season, **kwargs)
           ^^^^^^^^^^^^^^^^^^^^^^^^^^^^^^^^^^^^^^^
  File "/home/runner/work/wehoop-wbb-data/wehoop-wbb-data/.venv/lib/python3.12/site-packages/sportsdataverse/wbb/bart_wbb.py", line 68, in bart_wbb_ratings
    return parse_torvik_csv(raw, return_as_pandas=return_as_pandas)
           ^^^^^^^^^^^^^^^^^^^^^^^^^^^^^^^^^^^^^^^^^^^^^^^^^^^^^^^^
  File "/home/runner/work/wehoop-wbb-data/wehoop-wbb-data/.venv/lib/python3.12/site-packages/sportsdataverse/mbb/torvik_parsers.py", line 111, in parse_torvik_csv
    raise ValueError(
ValueError: expected a barttorvik.com CSV data file but received an HTML document (starts: '<!DOCTYPE HTML PUBLIC "-//W3C//DTD HTML 4.01 Transitional//EN" "http://www.w3.org/TR/html4/loose.dtd"> <HTML><HEAD><META'). The host answers a transient outage with an HTML page and HTTP 200; retry, or check the endpoint URL for that season.

The above exception was the direct cause of the following exception:

Traceback (most recent call last):
  File "<frozen runpy>", line 198, in _run_module_as_main
  File "<frozen runpy>", line 88, in _run_code
  File "/home/runner/work/wehoop-wbb-data/wehoop-wbb-data/python/wbb_data_build/__main__.py", line 6, in <module>
    sys.exit(main())
             ^^^^^^
  File "/home/runner/work/wehoop-wbb-data/wehoop-wbb-data/python/wbb_data_build/cli.py", line 26, in main
    df = build_season(
         ^^^^^^^^^^^^^
  File "/home/runner/work/wehoop-wbb-data/wehoop-wbb-data/python/wbb_data_build/build.py", line 70, in build_season
    out = reshapers.SEASON_BUILDERS[dataset](season, raw_root=root, base=Path(base))
          ^^^^^^^^^^^^^^^^^^^^^^^^^^^^^^^^^^^^^^^^^^^^^^^^^^^^^^^^^^^^^^^^^^^^^^^^^^
  File "/home/runner/work/wehoop-wbb-data/wehoop-wbb-data/python/wbb_data_build/reshapers.py", line 528, in player_crosswalk_builder
    return wbb_player_crosswalk(season=season)
           ^^^^^^^^^^^^^^^^^^^^^^^^^^^^^^^^^^^
  File "/home/runner/work/wehoop-wbb-data/wehoop-wbb-data/.venv/lib/python3.12/site-packages/sportsdataverse/wbb/wbb_crosswalk.py", line 542, in wbb_player_crosswalk
    team_xwalk = wbb_team_crosswalk(season=season, **kwargs)
                 ^^^^^^^^^^^^^^^^^^^^^^^^^^^^^^^^^^^^^^^^^^^
  File "/home/runner/work/wehoop-wbb-data/wehoop-wbb-data/.venv/lib/python3.12/site-packages/sportsdataverse/wbb/wbb_crosswalk.py", line 437, in wbb_team_crosswalk
    bart = require_source(f"bart_wbb_ratings(year={season})", _bart)
           ^^^^^^^^^^^^^^^^^^^^^^^^^^^^^^^^^^^^^^^^^^^^^^^^^^^^^^^^^
  File "/home/runner/work/wehoop-wbb-data/wehoop-wbb-data/.venv/lib/python3.12/site-packages/sportsdataverse/_crosswalk_basketball_sources.py", line 143, in require_source
    raise CrosswalkSourceError(f"{label} could not be produced: {type(exc).__name__}: {exc}") from exc
sportsdataverse._crosswalk_basketball_sources.CrosswalkSourceError: bart_wbb_ratings(year=2027) could not be produced: ValueError: expected a barttorvik.com CSV data file but received an HTML document (starts: '<!DOCTYPE HTML PUBLIC "-//W3C//DTD HTML 4.01 Transitional//EN" "http://www.w3.org/TR/html4/loose.dtd"> <HTML><HEAD><META'). The host answers a transient outage with an HTML page and HTTP 200; retry, or check the endpoint URL for that season.
::warning ::wbb_data_build player_crosswalk for season 2027 exited with code 1 (crosswalk; non-fatal, live external source)
::endgroup::
::group::schedule master 2027
master:   131397 games across 25 seasons
manifest: 69172 games in >=1 compilation
coverage: 48 rows
  in_game_rosters: 6950
  in_officials: 5828
  in_pbp: 55105
  in_player_box: 68788
  in_shots: 55105
  in_team_box: 68002
::endgroup::
::group::wp_enrich 2027
2026-09-09 05:45:25 [INFO] wbb_data_build: wp 2027: no pbp built under wbb; nothing to enrich
::endgroup::
season 2027 EXIT=0
pushed: WBB Data update (Start: 2027 End: 2027) (attempt 1)
