From https://github.com/sportsdataverse/wehoop-wbb-data
 * [new branch]        AE/remove-qs           -> origin/AE/remove-qs
 * [new branch]        data/schedule-flags-backfill -> origin/data/schedule-flags-backfill
 * [new branch]        docs/live-publish-status -> origin/docs/live-publish-status
 * [new branch]        feat/release-sidecars  -> origin/feat/release-sidecars
 * [new branch]        feat/repo-standardization -> origin/feat/repo-standardization
 * [new branch]        feat/wbb-build-logging -> origin/feat/wbb-build-logging
 * [new branch]        feat/wbb-cron-cutover  -> origin/feat/wbb-cron-cutover
 * [new branch]        feat/wbb-native-rds    -> origin/feat/wbb-native-rds
 * [new branch]        feat/wbb-parallel-repoint -> origin/feat/wbb-parallel-repoint
 * [new branch]        feat/wbb-player-core-daily -> origin/feat/wbb-player-core-daily
 * [new branch]        feat/wbb-player-core-dataset -> origin/feat/wbb-player-core-dataset
 * [new branch]        feat/wbb-player-core-rds -> origin/feat/wbb-player-core-rds
 * [new branch]        feat/wbb-player-core-tree -> origin/feat/wbb-player-core-tree
 * [new branch]        feat/wbb-python-producer -> origin/feat/wbb-python-producer
 * [new branch]        feat/wbb-python-rollback-gate -> origin/feat/wbb-python-rollback-gate
 * [new branch]        fix/manifest-one-row-per-season -> origin/fix/manifest-one-row-per-season
 * [new branch]        fix/player-core-manifest -> origin/fix/player-core-manifest
 * [new branch]        fix/ratings-nonfinite-republish -> origin/fix/ratings-nonfinite-republish
::group::wbb_data_build pbp 2026
2026-09-09 04:27:18 [INFO] wbb_data_build: pbp 2026: per-game build starting -- 6030 games (raw=https://raw.githubusercontent.com/sportsdataverse/wehoop-wbb-raw/main via http)
2026-09-09 04:30:46 [INFO] wbb_data_build: pbp 2026: 250/6030 games collected
2026-09-09 04:30:46 [INFO] wbb_data_build: pbp 2026: 500/6030 games collected
2026-09-09 04:30:46 [INFO] wbb_data_build: pbp 2026: 750/6030 games collected
2026-09-09 04:30:46 [INFO] wbb_data_build: pbp 2026: 1000/6030 games collected
2026-09-09 04:30:46 [INFO] wbb_data_build: pbp 2026: 1250/6030 games collected
2026-09-09 04:30:46 [INFO] wbb_data_build: pbp 2026: 1500/6030 games collected
2026-09-09 04:30:46 [INFO] wbb_data_build: pbp 2026: 1750/6030 games collected
2026-09-09 04:30:46 [INFO] wbb_data_build: pbp 2026: 2000/6030 games collected
2026-09-09 04:30:46 [INFO] wbb_data_build: pbp 2026: 2250/6030 games collected
2026-09-09 04:30:46 [INFO] wbb_data_build: pbp 2026: 2500/6030 games collected
2026-09-09 04:30:46 [INFO] wbb_data_build: pbp 2026: 2750/6030 games collected
2026-09-09 04:30:46 [INFO] wbb_data_build: pbp 2026: 3000/6030 games collected
2026-09-09 04:30:46 [INFO] wbb_data_build: pbp 2026: 3250/6030 games collected
2026-09-09 04:30:46 [INFO] wbb_data_build: pbp 2026: 3500/6030 games collected
2026-09-09 04:30:46 [INFO] wbb_data_build: pbp 2026: 3750/6030 games collected
2026-09-09 04:30:46 [INFO] wbb_data_build: pbp 2026: 4000/6030 games collected
2026-09-09 04:30:46 [INFO] wbb_data_build: pbp 2026: 4250/6030 games collected
2026-09-09 04:30:46 [INFO] wbb_data_build: pbp 2026: 4500/6030 games collected
2026-09-09 04:30:46 [INFO] wbb_data_build: pbp 2026: 4750/6030 games collected
2026-09-09 04:30:46 [INFO] wbb_data_build: pbp 2026: 5000/6030 games collected
2026-09-09 04:30:46 [INFO] wbb_data_build: pbp 2026: 5250/6030 games collected
2026-09-09 04:30:46 [INFO] wbb_data_build: pbp 2026: 5500/6030 games collected
2026-09-09 04:30:46 [INFO] wbb_data_build: pbp 2026: 5750/6030 games collected
2026-09-09 04:30:46 [INFO] wbb_data_build: pbp 2026: 6000/6030 games collected
2026-09-09 04:34:22 [INFO] wbb_data_build: wrote wbb/pbp/parquet/play_by_play_2026.parquet (91.1MB) + play_by_play_2026.rds (84.1MB) + play_by_play_2026.csv (1.2GB), 2824090 rows x 68 cols; manifest wbb_pbp_in_data_repo.csv upserted
2026-09-09 04:34:22 [INFO] wbb_data_build: pbp 2026: done -- 2824090 rows from 6011/6030 games in 424.9s
2026-09-09 04:34:23 [INFO] wbb_data_build: pbp 2026: season complete -- 2824090 rows
::endgroup::
::group::wbb_data_build team_box 2026
2026-09-09 04:34:26 [INFO] wbb_data_build: team_box 2026: per-game build starting -- 6030 games (raw=https://raw.githubusercontent.com/sportsdataverse/wehoop-wbb-raw/main via http)
2026-09-09 04:35:27 [INFO] wbb_data_build: team_box 2026: 250/6030 games collected
2026-09-09 04:35:27 [INFO] wbb_data_build: team_box 2026: 500/6030 games collected
2026-09-09 04:35:27 [INFO] wbb_data_build: team_box 2026: 750/6030 games collected
2026-09-09 04:35:27 [INFO] wbb_data_build: team_box 2026: 1000/6030 games collected
2026-09-09 04:35:27 [INFO] wbb_data_build: team_box 2026: 1250/6030 games collected
2026-09-09 04:35:27 [INFO] wbb_data_build: team_box 2026: 1500/6030 games collected
2026-09-09 04:35:27 [INFO] wbb_data_build: team_box 2026: 1750/6030 games collected
2026-09-09 04:35:27 [INFO] wbb_data_build: team_box 2026: 2000/6030 games collected
2026-09-09 04:35:27 [INFO] wbb_data_build: team_box 2026: 2250/6030 games collected
2026-09-09 04:35:27 [INFO] wbb_data_build: team_box 2026: 2500/6030 games collected
2026-09-09 04:35:27 [INFO] wbb_data_build: team_box 2026: 2750/6030 games collected
2026-09-09 04:35:27 [INFO] wbb_data_build: team_box 2026: 3000/6030 games collected
2026-09-09 04:35:27 [INFO] wbb_data_build: team_box 2026: 3250/6030 games collected
2026-09-09 04:35:27 [INFO] wbb_data_build: team_box 2026: 3500/6030 games collected
2026-09-09 04:35:27 [INFO] wbb_data_build: team_box 2026: 3750/6030 games collected
2026-09-09 04:35:27 [INFO] wbb_data_build: team_box 2026: 4000/6030 games collected
2026-09-09 04:35:27 [INFO] wbb_data_build: team_box 2026: 4250/6030 games collected
2026-09-09 04:35:27 [INFO] wbb_data_build: team_box 2026: 4500/6030 games collected
2026-09-09 04:35:27 [INFO] wbb_data_build: team_box 2026: 4750/6030 games collected
2026-09-09 04:35:27 [INFO] wbb_data_build: team_box 2026: 5000/6030 games collected
2026-09-09 04:35:27 [INFO] wbb_data_build: team_box 2026: 5250/6030 games collected
2026-09-09 04:35:27 [INFO] wbb_data_build: team_box 2026: 5500/6030 games collected
2026-09-09 04:35:27 [INFO] wbb_data_build: team_box 2026: 5750/6030 games collected
2026-09-09 04:35:27 [INFO] wbb_data_build: team_box 2026: 6000/6030 games collected
2026-09-09 04:35:29 [INFO] wbb_data_build: wrote wbb/team_box/parquet/team_box_2026.parquet (680.7KB) + team_box_2026.rds (933.4KB) + team_box_2026.csv (5.5MB), 12058 rows x 58 cols; manifest wbb_team_box_in_data_repo.csv upserted
2026-09-09 04:35:30 [INFO] wbb_data_build: uploading team_box_2026.parquet (680.7KB) -> sportsdataverse/sportsdataverse-data:espn_womens_college_basketball_team_boxscores
2026-09-09 04:35:31 [INFO] wbb_data_build: uploaded team_box_2026.parquet -> espn_womens_college_basketball_team_boxscores (asset 1/3)
2026-09-09 04:35:31 [INFO] wbb_data_build: uploading team_box_2026.rds (933.4KB) -> sportsdataverse/sportsdataverse-data:espn_womens_college_basketball_team_boxscores
2026-09-09 04:35:33 [INFO] wbb_data_build: uploaded team_box_2026.rds -> espn_womens_college_basketball_team_boxscores (asset 2/3)
2026-09-09 04:35:33 [INFO] wbb_data_build: uploading team_box_2026.csv (5.5MB) -> sportsdataverse/sportsdataverse-data:espn_womens_college_basketball_team_boxscores
2026-09-09 04:35:35 [INFO] wbb_data_build: uploaded team_box_2026.csv -> espn_womens_college_basketball_team_boxscores (asset 3/3)
2026-09-09 04:35:40 [INFO] wbb_data_build: stamped espn_womens_college_basketball_team_boxscores with timestamp.txt, timestamp.json, package_function.txt, package_function.json
2026-09-09 04:35:40 [INFO] wbb_data_build: team_box 2026: done -- 12058 rows from 6029/6030 games in 74.9s
2026-09-09 04:35:40 [INFO] wbb_data_build: team_box 2026: season complete -- 12058 rows
::endgroup::
::group::wbb_data_build player_box 2026
2026-09-09 04:35:43 [INFO] wbb_data_build: player_box 2026: per-game build starting -- 6030 games (raw=https://raw.githubusercontent.com/sportsdataverse/wehoop-wbb-raw/main via http)
2026-09-09 04:36:51 [INFO] wbb_data_build: player_box 2026: 250/6030 games collected
2026-09-09 04:36:51 [INFO] wbb_data_build: player_box 2026: 500/6030 games collected
2026-09-09 04:36:51 [INFO] wbb_data_build: player_box 2026: 750/6030 games collected
2026-09-09 04:36:51 [INFO] wbb_data_build: player_box 2026: 1000/6030 games collected
2026-09-09 04:36:51 [INFO] wbb_data_build: player_box 2026: 1250/6030 games collected
2026-09-09 04:36:51 [INFO] wbb_data_build: player_box 2026: 1500/6030 games collected
2026-09-09 04:36:51 [INFO] wbb_data_build: player_box 2026: 1750/6030 games collected
2026-09-09 04:36:51 [INFO] wbb_data_build: player_box 2026: 2000/6030 games collected
2026-09-09 04:36:51 [INFO] wbb_data_build: player_box 2026: 2250/6030 games collected
2026-09-09 04:36:51 [INFO] wbb_data_build: player_box 2026: 2500/6030 games collected
2026-09-09 04:36:51 [INFO] wbb_data_build: player_box 2026: 2750/6030 games collected
2026-09-09 04:36:51 [INFO] wbb_data_build: player_box 2026: 3000/6030 games collected
2026-09-09 04:36:51 [INFO] wbb_data_build: player_box 2026: 3250/6030 games collected
2026-09-09 04:36:51 [INFO] wbb_data_build: player_box 2026: 3500/6030 games collected
2026-09-09 04:36:51 [INFO] wbb_data_build: player_box 2026: 3750/6030 games collected
2026-09-09 04:36:51 [INFO] wbb_data_build: player_box 2026: 4000/6030 games collected
2026-09-09 04:36:51 [INFO] wbb_data_build: player_box 2026: 4250/6030 games collected
2026-09-09 04:36:51 [INFO] wbb_data_build: player_box 2026: 4500/6030 games collected
2026-09-09 04:36:51 [INFO] wbb_data_build: player_box 2026: 4750/6030 games collected
2026-09-09 04:36:51 [INFO] wbb_data_build: player_box 2026: 5000/6030 games collected
2026-09-09 04:36:51 [INFO] wbb_data_build: player_box 2026: 5250/6030 games collected
2026-09-09 04:36:51 [INFO] wbb_data_build: player_box 2026: 5500/6030 games collected
2026-09-09 04:36:51 [INFO] wbb_data_build: player_box 2026: 5750/6030 games collected
2026-09-09 04:36:51 [INFO] wbb_data_build: player_box 2026: 6000/6030 games collected
2026-09-09 04:37:09 [INFO] wbb_data_build: wrote wbb/player_box/parquet/player_box_2026.parquet (2.9MB) + player_box_2026.rds (6.1MB) + player_box_2026.csv (84.7MB), 168228 rows x 55 cols; manifest wbb_player_box_in_data_repo.csv upserted
2026-09-09 04:37:10 [INFO] wbb_data_build: uploading player_box_2026.parquet (2.9MB) -> sportsdataverse/sportsdataverse-data:espn_womens_college_basketball_player_boxscores
2026-09-09 04:37:11 [INFO] wbb_data_build: uploaded player_box_2026.parquet -> espn_womens_college_basketball_player_boxscores (asset 1/3)
2026-09-09 04:37:11 [INFO] wbb_data_build: uploading player_box_2026.rds (6.1MB) -> sportsdataverse/sportsdataverse-data:espn_womens_college_basketball_player_boxscores
2026-09-09 04:37:13 [INFO] wbb_data_build: uploaded player_box_2026.rds -> espn_womens_college_basketball_player_boxscores (asset 2/3)
2026-09-09 04:37:13 [INFO] wbb_data_build: uploading player_box_2026.csv (84.7MB) -> sportsdataverse/sportsdataverse-data:espn_womens_college_basketball_player_boxscores
2026-09-09 04:37:18 [INFO] wbb_data_build: uploaded player_box_2026.csv -> espn_womens_college_basketball_player_boxscores (asset 3/3)
2026-09-09 04:37:24 [INFO] wbb_data_build: stamped espn_womens_college_basketball_player_boxscores with timestamp.txt, timestamp.json, package_function.txt, package_function.json
2026-09-09 04:37:24 [INFO] wbb_data_build: player_box 2026: done -- 168228 rows from 6029/6030 games in 101.4s
2026-09-09 04:37:24 [INFO] wbb_data_build: player_box 2026: season complete -- 168228 rows
::endgroup::
::group::wbb_data_build player_core 2026
2026-09-09 04:37:26 [INFO] wbb_data_build: player_core 2026: season-level build starting (raw=https://raw.githubusercontent.com/sportsdataverse/wehoop-wbb-raw/main via http)
2026-09-09 04:40:00 [INFO] wbb_data_build: wrote wbb/player_core/parquet/player_core_2026.parquet (730.8KB) + player_core_2026.rds (752.0KB) + player_core_2026.csv (2.6MB), 9870 rows x 36 cols; manifest wbb_player_core_in_data_repo.csv upserted
2026-09-09 04:40:00 [INFO] wbb_data_build: uploading player_core_2026.parquet (730.8KB) -> sportsdataverse/sportsdataverse-data:espn_womens_college_basketball_player_core
2026-09-09 04:40:02 [INFO] wbb_data_build: uploaded player_core_2026.parquet -> espn_womens_college_basketball_player_core (asset 1/3)
2026-09-09 04:40:02 [INFO] wbb_data_build: uploading player_core_2026.rds (752.0KB) -> sportsdataverse/sportsdataverse-data:espn_womens_college_basketball_player_core
2026-09-09 04:40:04 [INFO] wbb_data_build: uploaded player_core_2026.rds -> espn_womens_college_basketball_player_core (asset 2/3)
2026-09-09 04:40:04 [INFO] wbb_data_build: uploading player_core_2026.csv (2.6MB) -> sportsdataverse/sportsdataverse-data:espn_womens_college_basketball_player_core
2026-09-09 04:40:06 [INFO] wbb_data_build: uploaded player_core_2026.csv -> espn_womens_college_basketball_player_core (asset 3/3)
2026-09-09 04:40:10 [INFO] wbb_data_build: stamped espn_womens_college_basketball_player_core with timestamp.txt, timestamp.json, package_function.txt, package_function.json
2026-09-09 04:40:10 [INFO] wbb_data_build: player_core 2026: done -- 9870 rows in 163.4s
2026-09-09 04:40:10 [INFO] wbb_data_build: player_core 2026: season complete -- 9870 rows
::endgroup::
::group::wbb_data_build schedules 2026
2026-09-09 04:40:12 [INFO] wbb_data_build: schedules 2026: season-level build starting (raw=https://raw.githubusercontent.com/sportsdataverse/wehoop-wbb-raw/main via http)
2026-09-09 04:40:15 [INFO] wbb_data_build: wrote wbb/schedules/parquet/wbb_schedule_2026.parquet (1.7MB) + wbb_schedule_2026.rds (1.9MB) + wbb_schedule_2026.csv (29.3MB), 6054 rows x 95 cols; manifest wbb_schedules_in_data_repo.csv upserted
2026-09-09 04:40:15 [INFO] wbb_data_build: uploading wbb_schedule_2026.parquet (1.7MB) -> sportsdataverse/sportsdataverse-data:espn_womens_college_basketball_schedules
2026-09-09 04:40:17 [INFO] wbb_data_build: uploaded wbb_schedule_2026.parquet -> espn_womens_college_basketball_schedules (asset 1/3)
2026-09-09 04:40:17 [INFO] wbb_data_build: uploading wbb_schedule_2026.rds (1.9MB) -> sportsdataverse/sportsdataverse-data:espn_womens_college_basketball_schedules
2026-09-09 04:40:18 [INFO] wbb_data_build: uploaded wbb_schedule_2026.rds -> espn_womens_college_basketball_schedules (asset 2/3)
2026-09-09 04:40:18 [INFO] wbb_data_build: uploading wbb_schedule_2026.csv (29.3MB) -> sportsdataverse/sportsdataverse-data:espn_womens_college_basketball_schedules
2026-09-09 04:40:21 [INFO] wbb_data_build: uploaded wbb_schedule_2026.csv -> espn_womens_college_basketball_schedules (asset 3/3)
2026-09-09 04:40:26 [INFO] wbb_data_build: stamped espn_womens_college_basketball_schedules with timestamp.txt, timestamp.json, package_function.txt, package_function.json
2026-09-09 04:40:26 [INFO] wbb_data_build: schedules 2026: done -- 6054 rows in 14.5s
2026-09-09 04:40:26 [INFO] wbb_data_build: schedules 2026: season complete -- 6054 rows
::endgroup::
::group::wbb_data_build shots 2026
2026-09-09 04:40:28 [INFO] wbb_data_build: shots 2026: season-level build starting (raw=https://raw.githubusercontent.com/sportsdataverse/wehoop-wbb-raw/main via http)
2026-09-09 04:41:11 [INFO] wbb_data_build: wrote wbb/shots/parquet/shots_2026.parquet (12.0MB) + shots_2026.rds (12.0MB) + shots_2026.csv (105.7MB), 907805 rows x 20 cols; manifest wbb_shots_in_data_repo.csv upserted
2026-09-09 04:41:12 [INFO] wbb_data_build: uploading shots_2026.parquet (12.0MB) -> sportsdataverse/sportsdataverse-data:espn_womens_college_basketball_shots
2026-09-09 04:41:14 [INFO] wbb_data_build: uploaded shots_2026.parquet -> espn_womens_college_basketball_shots (asset 1/3)
2026-09-09 04:41:14 [INFO] wbb_data_build: uploading shots_2026.rds (12.0MB) -> sportsdataverse/sportsdataverse-data:espn_womens_college_basketball_shots
2026-09-09 04:41:16 [INFO] wbb_data_build: uploaded shots_2026.rds -> espn_womens_college_basketball_shots (asset 2/3)
2026-09-09 04:41:16 [INFO] wbb_data_build: uploading shots_2026.csv (105.7MB) -> sportsdataverse/sportsdataverse-data:espn_womens_college_basketball_shots
2026-09-09 04:41:22 [INFO] wbb_data_build: uploaded shots_2026.csv -> espn_womens_college_basketball_shots (asset 3/3)
2026-09-09 04:41:27 [INFO] wbb_data_build: stamped espn_womens_college_basketball_shots with timestamp.txt, timestamp.json, package_function.txt, package_function.json
2026-09-09 04:41:27 [INFO] wbb_data_build: shots 2026: done -- 907805 rows in 58.6s
2026-09-09 04:41:27 [INFO] wbb_data_build: shots 2026: season complete -- 907805 rows
::endgroup::
::group::wbb_data_build rosters 2026
2026-09-09 04:41:29 [INFO] wbb_data_build: rosters 2026: season-level build starting (raw=https://raw.githubusercontent.com/sportsdataverse/wehoop-wbb-raw/main via http)
2026-09-09 04:41:40 [INFO] wbb_data_build: wrote wbb/rosters/parquet/rosters_2026.parquet (843.4KB) + rosters_2026.rds (856.9KB) + rosters_2026.csv (3.8MB), 9778 rows x 36 cols; manifest wbb_rosters_in_data_repo.csv upserted
2026-09-09 04:41:41 [INFO] wbb_data_build: uploading rosters_2026.parquet (843.4KB) -> sportsdataverse/sportsdataverse-data:espn_womens_college_basketball_rosters
2026-09-09 04:41:42 [INFO] wbb_data_build: uploaded rosters_2026.parquet -> espn_womens_college_basketball_rosters (asset 1/3)
2026-09-09 04:41:42 [INFO] wbb_data_build: uploading rosters_2026.rds (856.9KB) -> sportsdataverse/sportsdataverse-data:espn_womens_college_basketball_rosters
2026-09-09 04:41:44 [INFO] wbb_data_build: uploaded rosters_2026.rds -> espn_womens_college_basketball_rosters (asset 2/3)
2026-09-09 04:41:44 [INFO] wbb_data_build: uploading rosters_2026.csv (3.8MB) -> sportsdataverse/sportsdataverse-data:espn_womens_college_basketball_rosters
2026-09-09 04:41:45 [INFO] wbb_data_build: uploaded rosters_2026.csv -> espn_womens_college_basketball_rosters (asset 3/3)
2026-09-09 04:41:51 [INFO] wbb_data_build: stamped espn_womens_college_basketball_rosters with timestamp.txt, timestamp.json, package_function.txt, package_function.json
2026-09-09 04:41:51 [INFO] wbb_data_build: rosters 2026: done -- 9778 rows in 21.6s
2026-09-09 04:41:51 [INFO] wbb_data_build: rosters 2026: season complete -- 9778 rows
::endgroup::
::group::wbb_data_build player_season_stats 2026
2026-09-09 04:41:53 [INFO] wbb_data_build: player_season_stats 2026: season-level build starting (raw=https://raw.githubusercontent.com/sportsdataverse/wehoop-wbb-raw/main via http)
2026-09-09 04:42:09 [INFO] wbb_data_build: wrote wbb/player_season_stats/parquet/player_season_stats_2026.parquet (191.5KB) + player_season_stats_2026.rds (242.7KB) + player_season_stats_2026.csv (8.2MB), 41919 rows x 16 cols; manifest wbb_player_season_stats_in_data_repo.csv upserted
2026-09-09 04:42:10 [INFO] wbb_data_build: uploading player_season_stats_2026.parquet (191.5KB) -> sportsdataverse/sportsdataverse-data:espn_womens_college_basketball_player_season_stats
2026-09-09 04:42:11 [INFO] wbb_data_build: uploaded player_season_stats_2026.parquet -> espn_womens_college_basketball_player_season_stats (asset 1/3)
2026-09-09 04:42:11 [INFO] wbb_data_build: uploading player_season_stats_2026.rds (242.7KB) -> sportsdataverse/sportsdataverse-data:espn_womens_college_basketball_player_season_stats
2026-09-09 04:42:13 [INFO] wbb_data_build: uploaded player_season_stats_2026.rds -> espn_womens_college_basketball_player_season_stats (asset 2/3)
2026-09-09 04:42:13 [INFO] wbb_data_build: uploading player_season_stats_2026.csv (8.2MB) -> sportsdataverse/sportsdataverse-data:espn_womens_college_basketball_player_season_stats
2026-09-09 04:42:15 [INFO] wbb_data_build: uploaded player_season_stats_2026.csv -> espn_womens_college_basketball_player_season_stats (asset 3/3)
2026-09-09 04:42:20 [INFO] wbb_data_build: stamped espn_womens_college_basketball_player_season_stats with timestamp.txt, timestamp.json, package_function.txt, package_function.json
2026-09-09 04:42:20 [INFO] wbb_data_build: player_season_stats 2026: done -- 41919 rows in 27.5s
2026-09-09 04:42:20 [INFO] wbb_data_build: player_season_stats 2026: season complete -- 41919 rows
::endgroup::
::group::wbb_data_build team_season_stats 2026
2026-09-09 04:42:22 [INFO] wbb_data_build: team_season_stats 2026: season-level build starting (raw=https://raw.githubusercontent.com/sportsdataverse/wehoop-wbb-raw/main via http)
2026-09-09 04:42:31 [INFO] wbb_data_build: wrote wbb/team_season_stats/parquet/team_season_stats_2026.parquet (143.0KB) + team_season_stats_2026.rds (178.4KB) + team_season_stats_2026.csv (5.1MB), 25740 rows x 16 cols; manifest wbb_team_season_stats_in_data_repo.csv upserted
2026-09-09 04:42:32 [INFO] wbb_data_build: uploading team_season_stats_2026.parquet (143.0KB) -> sportsdataverse/sportsdataverse-data:espn_womens_college_basketball_team_season_stats
2026-09-09 04:42:33 [INFO] wbb_data_build: uploaded team_season_stats_2026.parquet -> espn_womens_college_basketball_team_season_stats (asset 1/3)
2026-09-09 04:42:33 [INFO] wbb_data_build: uploading team_season_stats_2026.rds (178.4KB) -> sportsdataverse/sportsdataverse-data:espn_womens_college_basketball_team_season_stats
2026-09-09 04:42:34 [INFO] wbb_data_build: uploaded team_season_stats_2026.rds -> espn_womens_college_basketball_team_season_stats (asset 2/3)
2026-09-09 04:42:34 [INFO] wbb_data_build: uploading team_season_stats_2026.csv (5.1MB) -> sportsdataverse/sportsdataverse-data:espn_womens_college_basketball_team_season_stats
2026-09-09 04:42:37 [INFO] wbb_data_build: uploaded team_season_stats_2026.csv -> espn_womens_college_basketball_team_season_stats (asset 3/3)
2026-09-09 04:42:42 [INFO] wbb_data_build: stamped espn_womens_college_basketball_team_season_stats with timestamp.txt, timestamp.json, package_function.txt, package_function.json
2026-09-09 04:42:42 [INFO] wbb_data_build: team_season_stats 2026: done -- 25740 rows in 19.7s
2026-09-09 04:42:42 [INFO] wbb_data_build: team_season_stats 2026: season complete -- 25740 rows
::endgroup::
::group::wbb_data_build standings 2026
2026-09-09 04:42:44 [INFO] wbb_data_build: standings 2026: season-level build starting (raw=https://raw.githubusercontent.com/sportsdataverse/wehoop-wbb-raw/main via http)
2026-09-09 04:42:46 [INFO] wbb_data_build: wrote wbb/standings/parquet/standings_2026.parquet (117.3KB) + standings_2026.rds (159.1KB) + standings_2026.csv (7.3MB), 30492 rows x 24 cols; manifest wbb_standings_in_data_repo.csv upserted
2026-09-09 04:42:46 [INFO] wbb_data_build: uploading standings_2026.parquet (117.3KB) -> sportsdataverse/sportsdataverse-data:espn_womens_college_basketball_standings
2026-09-09 04:42:47 [INFO] wbb_data_build: uploaded standings_2026.parquet -> espn_womens_college_basketball_standings (asset 1/3)
2026-09-09 04:42:47 [INFO] wbb_data_build: uploading standings_2026.rds (159.1KB) -> sportsdataverse/sportsdataverse-data:espn_womens_college_basketball_standings
2026-09-09 04:42:49 [INFO] wbb_data_build: uploaded standings_2026.rds -> espn_womens_college_basketball_standings (asset 2/3)
2026-09-09 04:42:49 [INFO] wbb_data_build: uploading standings_2026.csv (7.3MB) -> sportsdataverse/sportsdataverse-data:espn_womens_college_basketball_standings
2026-09-09 04:42:51 [INFO] wbb_data_build: uploaded standings_2026.csv -> espn_womens_college_basketball_standings (asset 3/3)
2026-09-09 04:42:56 [INFO] wbb_data_build: stamped espn_womens_college_basketball_standings with timestamp.txt, timestamp.json, package_function.txt, package_function.json
2026-09-09 04:42:56 [INFO] wbb_data_build: standings 2026: done -- 30492 rows in 12.4s
2026-09-09 04:42:56 [INFO] wbb_data_build: standings 2026: season complete -- 30492 rows
::endgroup::
::group::wbb_data_build game_rosters 2026
2026-09-09 04:42:58 [INFO] wbb_data_build: game_rosters 2026: season-level build starting (raw=https://raw.githubusercontent.com/sportsdataverse/wehoop-wbb-raw/main via http)
2026-09-09 04:45:12 [INFO] wbb_data_build: wrote wbb/game_rosters/parquet/game_rosters_2026.parquet (2.2MB) + game_rosters_2026.rds (7.4MB) + game_rosters_2026.csv (42.6MB), 168228 rows x 22 cols; manifest wbb_game_rosters_in_data_repo.csv upserted
2026-09-09 04:45:12 [INFO] wbb_data_build: uploading game_rosters_2026.parquet (2.2MB) -> sportsdataverse/sportsdataverse-data:espn_womens_college_basketball_game_rosters
2026-09-09 04:45:14 [INFO] wbb_data_build: uploaded game_rosters_2026.parquet -> espn_womens_college_basketball_game_rosters (asset 1/3)
2026-09-09 04:45:14 [INFO] wbb_data_build: uploading game_rosters_2026.rds (7.4MB) -> sportsdataverse/sportsdataverse-data:espn_womens_college_basketball_game_rosters
2026-09-09 04:45:16 [INFO] wbb_data_build: uploaded game_rosters_2026.rds -> espn_womens_college_basketball_game_rosters (asset 2/3)
2026-09-09 04:45:16 [INFO] wbb_data_build: uploading game_rosters_2026.csv (42.6MB) -> sportsdataverse/sportsdataverse-data:espn_womens_college_basketball_game_rosters
2026-09-09 04:45:19 [INFO] wbb_data_build: uploaded game_rosters_2026.csv -> espn_womens_college_basketball_game_rosters (asset 3/3)
2026-09-09 04:45:25 [INFO] wbb_data_build: stamped espn_womens_college_basketball_game_rosters with timestamp.txt, timestamp.json, package_function.txt, package_function.json
2026-09-09 04:45:25 [INFO] wbb_data_build: game_rosters 2026: done -- 168228 rows in 146.5s
2026-09-09 04:45:25 [INFO] wbb_data_build: game_rosters 2026: season complete -- 168228 rows
::endgroup::
::group::wbb_data_build officials 2026
2026-09-09 04:45:27 [INFO] wbb_data_build: officials 2026: season-level build starting (raw=https://raw.githubusercontent.com/sportsdataverse/wehoop-wbb-raw/main via http)
2026-09-09 04:47:09 [INFO] wbb_data_build: wrote wbb/officials/parquet/officials_2026.parquet (171.9KB) + officials_2026.rds (230.2KB) + officials_2026.csv (1.4MB), 17458 rows x 11 cols; manifest wbb_officials_in_data_repo.csv upserted
2026-09-09 04:47:09 [INFO] wbb_data_build: uploading officials_2026.parquet (171.9KB) -> sportsdataverse/sportsdataverse-data:espn_womens_college_basketball_officials
2026-09-09 04:47:11 [INFO] wbb_data_build: uploaded officials_2026.parquet -> espn_womens_college_basketball_officials (asset 1/3)
2026-09-09 04:47:11 [INFO] wbb_data_build: uploading officials_2026.rds (230.2KB) -> sportsdataverse/sportsdataverse-data:espn_womens_college_basketball_officials
2026-09-09 04:47:12 [INFO] wbb_data_build: uploaded officials_2026.rds -> espn_womens_college_basketball_officials (asset 2/3)
2026-09-09 04:47:12 [INFO] wbb_data_build: uploading officials_2026.csv (1.4MB) -> sportsdataverse/sportsdataverse-data:espn_womens_college_basketball_officials
2026-09-09 04:47:14 [INFO] wbb_data_build: uploaded officials_2026.csv -> espn_womens_college_basketball_officials (asset 3/3)
2026-09-09 04:47:19 [INFO] wbb_data_build: stamped espn_womens_college_basketball_officials with timestamp.txt, timestamp.json, package_function.txt, package_function.json
2026-09-09 04:47:19 [INFO] wbb_data_build: officials 2026: done -- 17458 rows in 112.6s
2026-09-09 04:47:19 [INFO] wbb_data_build: officials 2026: season complete -- 17458 rows
::endgroup::
::group::wbb_data_build team_crosswalk 2026
2026-09-09 04:47:21 [INFO] wbb_data_build: team_crosswalk 2026: season-level build starting (raw=None via disk)
Traceback (most recent call last):
  File "/home/runner/work/wehoop-wbb-data/wehoop-wbb-data/.venv/lib/python3.12/site-packages/sportsdataverse/_crosswalk_basketball_sources.py", line 139, in require_source
    out = fetch()
          ^^^^^^^
  File "/home/runner/work/wehoop-wbb-data/wehoop-wbb-data/.venv/lib/python3.12/site-packages/sportsdataverse/wbb/wbb_crosswalk.py", line 435, in _bart
    return bart_wbb_ratings(year=season, **kwargs)
           ^^^^^^^^^^^^^^^^^^^^^^^^^^^^^^^^^^^^^^^
  File "/home/runner/work/wehoop-wbb-data/wehoop-wbb-data/.venv/lib/python3.12/site-packages/sportsdataverse/wbb/bart_wbb.py", line 68, in bart_wbb_ratings
    return parse_torvik_csv(raw, return_as_pandas=return_as_pandas)
           ^^^^^^^^^^^^^^^^^^^^^^^^^^^^^^^^^^^^^^^^^^^^^^^^^^^^^^^^
  File "/home/runner/work/wehoop-wbb-data/wehoop-wbb-data/.venv/lib/python3.12/site-packages/sportsdataverse/mbb/torvik_parsers.py", line 111, in parse_torvik_csv
    raise ValueError(
ValueError: expected a barttorvik.com CSV data file but received an HTML document (starts: '<!DOCTYPE HTML PUBLIC "-//W3C//DTD HTML 4.01 Transitional//EN" "http://www.w3.org/TR/html4/loose.dtd"> <HTML><HEAD><META'). The host answers a transient outage with an HTML page and HTTP 200; retry, or check the endpoint URL for that season.

The above exception was the direct cause of the following exception:

Traceback (most recent call last):
  File "<frozen runpy>", line 198, in _run_module_as_main
  File "<frozen runpy>", line 88, in _run_code
  File "/home/runner/work/wehoop-wbb-data/wehoop-wbb-data/python/wbb_data_build/__main__.py", line 6, in <module>
    sys.exit(main())
             ^^^^^^
  File "/home/runner/work/wehoop-wbb-data/wehoop-wbb-data/python/wbb_data_build/cli.py", line 26, in main
    df = build_season(
         ^^^^^^^^^^^^^
  File "/home/runner/work/wehoop-wbb-data/wehoop-wbb-data/python/wbb_data_build/build.py", line 70, in build_season
    out = reshapers.SEASON_BUILDERS[dataset](season, raw_root=root, base=Path(base))
          ^^^^^^^^^^^^^^^^^^^^^^^^^^^^^^^^^^^^^^^^^^^^^^^^^^^^^^^^^^^^^^^^^^^^^^^^^^
  File "/home/runner/work/wehoop-wbb-data/wehoop-wbb-data/python/wbb_data_build/reshapers.py", line 493, in team_crosswalk_builder
    return wbb_team_crosswalk(season=season)
           ^^^^^^^^^^^^^^^^^^^^^^^^^^^^^^^^^
  File "/home/runner/work/wehoop-wbb-data/wehoop-wbb-data/.venv/lib/python3.12/site-packages/sportsdataverse/wbb/wbb_crosswalk.py", line 437, in wbb_team_crosswalk
    bart = require_source(f"bart_wbb_ratings(year={season})", _bart)
           ^^^^^^^^^^^^^^^^^^^^^^^^^^^^^^^^^^^^^^^^^^^^^^^^^^^^^^^^^
  File "/home/runner/work/wehoop-wbb-data/wehoop-wbb-data/.venv/lib/python3.12/site-packages/sportsdataverse/_crosswalk_basketball_sources.py", line 143, in require_source
    raise CrosswalkSourceError(f"{label} could not be produced: {type(exc).__name__}: {exc}") from exc
sportsdataverse._crosswalk_basketball_sources.CrosswalkSourceError: bart_wbb_ratings(year=2026) could not be produced: ValueError: expected a barttorvik.com CSV data file but received an HTML document (starts: '<!DOCTYPE HTML PUBLIC "-//W3C//DTD HTML 4.01 Transitional//EN" "http://www.w3.org/TR/html4/loose.dtd"> <HTML><HEAD><META'). The host answers a transient outage with an HTML page and HTTP 200; retry, or check the endpoint URL for that season.
::warning ::wbb_data_build team_crosswalk for season 2026 exited with code 1 (crosswalk; non-fatal, live external source)
::endgroup::
::group::wbb_data_build schedule_crosswalk 2026
2026-09-09 04:48:04 [INFO] wbb_data_build: schedule_crosswalk 2026: season-level build starting (raw=None via disk)
Traceback (most recent call last):
  File "/home/runner/work/wehoop-wbb-data/wehoop-wbb-data/.venv/lib/python3.12/site-packages/sportsdataverse/_crosswalk_basketball_sources.py", line 139, in require_source
    out = fetch()
          ^^^^^^^
  File "/home/runner/work/wehoop-wbb-data/wehoop-wbb-data/.venv/lib/python3.12/site-packages/sportsdataverse/wbb/wbb_crosswalk.py", line 435, in _bart
    return bart_wbb_ratings(year=season, **kwargs)
           ^^^^^^^^^^^^^^^^^^^^^^^^^^^^^^^^^^^^^^^
  File "/home/runner/work/wehoop-wbb-data/wehoop-wbb-data/.venv/lib/python3.12/site-packages/sportsdataverse/wbb/bart_wbb.py", line 68, in bart_wbb_ratings
    return parse_torvik_csv(raw, return_as_pandas=return_as_pandas)
           ^^^^^^^^^^^^^^^^^^^^^^^^^^^^^^^^^^^^^^^^^^^^^^^^^^^^^^^^
  File "/home/runner/work/wehoop-wbb-data/wehoop-wbb-data/.venv/lib/python3.12/site-packages/sportsdataverse/mbb/torvik_parsers.py", line 111, in parse_torvik_csv
    raise ValueError(
ValueError: expected a barttorvik.com CSV data file but received an HTML document (starts: '<!DOCTYPE HTML PUBLIC "-//W3C//DTD HTML 4.01 Transitional//EN" "http://www.w3.org/TR/html4/loose.dtd"> <HTML><HEAD><META'). The host answers a transient outage with an HTML page and HTTP 200; retry, or check the endpoint URL for that season.

The above exception was the direct cause of the following exception:

Traceback (most recent call last):
  File "<frozen runpy>", line 198, in _run_module_as_main
  File "<frozen runpy>", line 88, in _run_code
  File "/home/runner/work/wehoop-wbb-data/wehoop-wbb-data/python/wbb_data_build/__main__.py", line 6, in <module>
    sys.exit(main())
             ^^^^^^
  File "/home/runner/work/wehoop-wbb-data/wehoop-wbb-data/python/wbb_data_build/cli.py", line 26, in main
    df = build_season(
         ^^^^^^^^^^^^^
  File "/home/runner/work/wehoop-wbb-data/wehoop-wbb-data/python/wbb_data_build/build.py", line 70, in build_season
    out = reshapers.SEASON_BUILDERS[dataset](season, raw_root=root, base=Path(base))
          ^^^^^^^^^^^^^^^^^^^^^^^^^^^^^^^^^^^^^^^^^^^^^^^^^^^^^^^^^^^^^^^^^^^^^^^^^^
  File "/home/runner/work/wehoop-wbb-data/wehoop-wbb-data/python/wbb_data_build/reshapers.py", line 510, in schedule_crosswalk_builder
    return wbb_schedule_crosswalk(season=season)
           ^^^^^^^^^^^^^^^^^^^^^^^^^^^^^^^^^^^^^
  File "/home/runner/work/wehoop-wbb-data/wehoop-wbb-data/.venv/lib/python3.12/site-packages/sportsdataverse/wbb/wbb_crosswalk.py", line 485, in wbb_schedule_crosswalk
    team_xwalk = wbb_team_crosswalk(season=season, fox=pl.DataFrame(), **kwargs)
                 ^^^^^^^^^^^^^^^^^^^^^^^^^^^^^^^^^^^^^^^^^^^^^^^^^^^^^^^^^^^^^^^
  File "/home/runner/work/wehoop-wbb-data/wehoop-wbb-data/.venv/lib/python3.12/site-packages/sportsdataverse/wbb/wbb_crosswalk.py", line 437, in wbb_team_crosswalk
    bart = require_source(f"bart_wbb_ratings(year={season})", _bart)
           ^^^^^^^^^^^^^^^^^^^^^^^^^^^^^^^^^^^^^^^^^^^^^^^^^^^^^^^^^
  File "/home/runner/work/wehoop-wbb-data/wehoop-wbb-data/.venv/lib/python3.12/site-packages/sportsdataverse/_crosswalk_basketball_sources.py", line 143, in require_source
    raise CrosswalkSourceError(f"{label} could not be produced: {type(exc).__name__}: {exc}") from exc
sportsdataverse._crosswalk_basketball_sources.CrosswalkSourceError: bart_wbb_ratings(year=2026) could not be produced: ValueError: expected a barttorvik.com CSV data file but received an HTML document (starts: '<!DOCTYPE HTML PUBLIC "-//W3C//DTD HTML 4.01 Transitional//EN" "http://www.w3.org/TR/html4/loose.dtd"> <HTML><HEAD><META'). The host answers a transient outage with an HTML page and HTTP 200; retry, or check the endpoint URL for that season.
::warning ::wbb_data_build schedule_crosswalk for season 2026 exited with code 1 (crosswalk; non-fatal, live external source)
::endgroup::
::group::wbb_data_build player_crosswalk 2026
2026-09-09 04:48:13 [INFO] wbb_data_build: player_crosswalk 2026: season-level build starting (raw=None via disk)
Traceback (most recent call last):
  File "/home/runner/work/wehoop-wbb-data/wehoop-wbb-data/.venv/lib/python3.12/site-packages/sportsdataverse/_crosswalk_basketball_sources.py", line 139, in require_source
    out = fetch()
          ^^^^^^^
  File "/home/runner/work/wehoop-wbb-data/wehoop-wbb-data/.venv/lib/python3.12/site-packages/sportsdataverse/wbb/wbb_crosswalk.py", line 435, in _bart
    return bart_wbb_ratings(year=season, **kwargs)
           ^^^^^^^^^^^^^^^^^^^^^^^^^^^^^^^^^^^^^^^
  File "/home/runner/work/wehoop-wbb-data/wehoop-wbb-data/.venv/lib/python3.12/site-packages/sportsdataverse/wbb/bart_wbb.py", line 68, in bart_wbb_ratings
    return parse_torvik_csv(raw, return_as_pandas=return_as_pandas)
           ^^^^^^^^^^^^^^^^^^^^^^^^^^^^^^^^^^^^^^^^^^^^^^^^^^^^^^^^
  File "/home/runner/work/wehoop-wbb-data/wehoop-wbb-data/.venv/lib/python3.12/site-packages/sportsdataverse/mbb/torvik_parsers.py", line 111, in parse_torvik_csv
    raise ValueError(
ValueError: expected a barttorvik.com CSV data file but received an HTML document (starts: '<!DOCTYPE HTML PUBLIC "-//W3C//DTD HTML 4.01 Transitional//EN" "http://www.w3.org/TR/html4/loose.dtd"> <HTML><HEAD><META'). The host answers a transient outage with an HTML page and HTTP 200; retry, or check the endpoint URL for that season.

The above exception was the direct cause of the following exception:

Traceback (most recent call last):
  File "<frozen runpy>", line 198, in _run_module_as_main
  File "<frozen runpy>", line 88, in _run_code
  File "/home/runner/work/wehoop-wbb-data/wehoop-wbb-data/python/wbb_data_build/__main__.py", line 6, in <module>
    sys.exit(main())
             ^^^^^^
  File "/home/runner/work/wehoop-wbb-data/wehoop-wbb-data/python/wbb_data_build/cli.py", line 26, in main
    df = build_season(
         ^^^^^^^^^^^^^
  File "/home/runner/work/wehoop-wbb-data/wehoop-wbb-data/python/wbb_data_build/build.py", line 70, in build_season
    out = reshapers.SEASON_BUILDERS[dataset](season, raw_root=root, base=Path(base))
          ^^^^^^^^^^^^^^^^^^^^^^^^^^^^^^^^^^^^^^^^^^^^^^^^^^^^^^^^^^^^^^^^^^^^^^^^^^
  File "/home/runner/work/wehoop-wbb-data/wehoop-wbb-data/python/wbb_data_build/reshapers.py", line 528, in player_crosswalk_builder
    return wbb_player_crosswalk(season=season)
           ^^^^^^^^^^^^^^^^^^^^^^^^^^^^^^^^^^^
  File "/home/runner/work/wehoop-wbb-data/wehoop-wbb-data/.venv/lib/python3.12/site-packages/sportsdataverse/wbb/wbb_crosswalk.py", line 542, in wbb_player_crosswalk
    team_xwalk = wbb_team_crosswalk(season=season, **kwargs)
                 ^^^^^^^^^^^^^^^^^^^^^^^^^^^^^^^^^^^^^^^^^^^
  File "/home/runner/work/wehoop-wbb-data/wehoop-wbb-data/.venv/lib/python3.12/site-packages/sportsdataverse/wbb/wbb_crosswalk.py", line 437, in wbb_team_crosswalk
    bart = require_source(f"bart_wbb_ratings(year={season})", _bart)
           ^^^^^^^^^^^^^^^^^^^^^^^^^^^^^^^^^^^^^^^^^^^^^^^^^^^^^^^^^
  File "/home/runner/work/wehoop-wbb-data/wehoop-wbb-data/.venv/lib/python3.12/site-packages/sportsdataverse/_crosswalk_basketball_sources.py", line 143, in require_source
    raise CrosswalkSourceError(f"{label} could not be produced: {type(exc).__name__}: {exc}") from exc
sportsdataverse._crosswalk_basketball_sources.CrosswalkSourceError: bart_wbb_ratings(year=2026) could not be produced: ValueError: expected a barttorvik.com CSV data file but received an HTML document (starts: '<!DOCTYPE HTML PUBLIC "-//W3C//DTD HTML 4.01 Transitional//EN" "http://www.w3.org/TR/html4/loose.dtd"> <HTML><HEAD><META'). The host answers a transient outage with an HTML page and HTTP 200; retry, or check the endpoint URL for that season.
::warning ::wbb_data_build player_crosswalk for season 2026 exited with code 1 (crosswalk; non-fatal, live external source)
::endgroup::
::group::schedule master 2026
master:   129114 games across 24 seasons
manifest: 69172 games in >=1 compilation
coverage: 47 rows
  in_game_rosters: 6950
  in_officials: 5828
  in_pbp: 55105
  in_player_box: 68788
  in_shots: 55105
  in_team_box: 68002
::endgroup::
::group::wp_enrich 2026
2026-09-09 04:52:35 [INFO] wbb_data_build: wrote wbb/pbp/parquet/play_by_play_2026.parquet (91.7MB) + play_by_play_2026.rds (84.2MB) + play_by_play_2026.csv (1.3GB), 2824090 rows x 70 cols; manifest wbb_pbp_in_data_repo.csv upserted
2026-09-09 04:52:35 [INFO] wbb_data_build: pbp 2026: WP contract ok -- finite rates {'pregame_home_prob': 1.0, 'home_win_prob': 1.0}
2026-09-09 04:52:35 [INFO] wbb_data_build: uploading play_by_play_2026.parquet (91.7MB) -> sportsdataverse/sportsdataverse-data:espn_womens_college_basketball_pbp
2026-09-09 04:52:40 [INFO] wbb_data_build: uploaded play_by_play_2026.parquet -> espn_womens_college_basketball_pbp (asset 1/3)
2026-09-09 04:52:40 [INFO] wbb_data_build: uploading play_by_play_2026.rds (84.2MB) -> sportsdataverse/sportsdataverse-data:espn_womens_college_basketball_pbp
2026-09-09 04:52:45 [INFO] wbb_data_build: uploaded play_by_play_2026.rds -> espn_womens_college_basketball_pbp (asset 2/3)
2026-09-09 04:52:45 [INFO] wbb_data_build: uploading play_by_play_2026.csv (1.3GB) -> sportsdataverse/sportsdataverse-data:espn_womens_college_basketball_pbp
2026-09-09 04:53:39 [INFO] wbb_data_build: uploaded play_by_play_2026.csv -> espn_womens_college_basketball_pbp (asset 3/3)
2026-09-09 04:53:44 [INFO] wbb_data_build: stamped espn_womens_college_basketball_pbp with timestamp.txt, timestamp.json, package_function.txt, package_function.json
2026-09-09 04:53:44 [INFO] wbb_data_build: wp 2026: published parquet+csv+rds with ['pregame_home_prob', 'home_win_prob'] (2824090 rows)
::endgroup::
season 2026 EXIT=0
pushed: WBB Data update (Start: 2026 End: 2026) (attempt 1)
